Replace Part C32 CC0603_22pF_NPO in C:\Users\kavin\Desktop\Bluetooth_Speaker_Setup\Bluetooth_Speaker_Setup\Bluetooth_Speaker_Driver\5v negative and positive channels.SchDoc with CC0603_22pF_NPO from Schlib1.SchLib
Replace Part C33 CC1210_22uF_X7R in C:\Users\kavin\Desktop\Bluetooth_Speaker_Setup\Bluetooth_Speaker_Setup\Bluetooth_Speaker_Driver\5v negative and positive channels.SchDoc with CC1210_22uF_X7R from Schlib1.SchLib
Replace Part C34 CC0805_4.7uF_X7R in C:\Users\kavin\Desktop\Bluetooth_Speaker_Setup\Bluetooth_Speaker_Setup\Bluetooth_Speaker_Driver\5v negative and positive channels.SchDoc with CC0805_4.7uF_X7R from Schlib1.SchLib
Replace Part C35 CC0603_4.7nF_X7R in C:\Users\kavin\Desktop\Bluetooth_Speaker_Setup\Bluetooth_Speaker_Setup\Bluetooth_Speaker_Driver\5v negative and positive channels.SchDoc with CC0603_4.7nF_X7R from Schlib1.SchLib
Replace Part C36 CC0603_10nF_X7R in C:\Users\kavin\Desktop\Bluetooth_Speaker_Setup\Bluetooth_Speaker_Setup\Bluetooth_Speaker_Driver\5v negative and positive channels.SchDoc with CC0603_10nF_X7R from Schlib1.SchLib
Replace Part C38 CC0805_4.7uF_X7R in C:\Users\kavin\Desktop\Bluetooth_Speaker_Setup\Bluetooth_Speaker_Setup\Bluetooth_Speaker_Driver\5v negative and positive channels.SchDoc with CC0805_4.7uF_X7R from Schlib1.SchLib
Replace Part C39 CC0603_100nF_X7R in C:\Users\kavin\Desktop\Bluetooth_Speaker_Setup\Bluetooth_Speaker_Setup\Bluetooth_Speaker_Driver\5v negative and positive channels.SchDoc with CC0603_100nF_X7R from Schlib1.SchLib
Replace Part C40 CC0603_22pF_NPO in C:\Users\kavin\Desktop\Bluetooth_Speaker_Setup\Bluetooth_Speaker_Setup\Bluetooth_Speaker_Driver\5v negative and positive channels.SchDoc with CC0603_22pF_NPO from Schlib1.SchLib
Replace Part C41 CC1210_22uF_X7R in C:\Users\kavin\Desktop\Bluetooth_Speaker_Setup\Bluetooth_Speaker_Setup\Bluetooth_Speaker_Driver\5v negative and positive channels.SchDoc with CC1210_22uF_X7R from Schlib1.SchLib
Replace Part C42 CC0603_10nF_X7R in C:\Users\kavin\Desktop\Bluetooth_Speaker_Setup\Bluetooth_Speaker_Setup\Bluetooth_Speaker_Driver\5v negative and positive channels.SchDoc with CC0603_10nF_X7R from Schlib1.SchLib
Replace Part C43 CC0603_10nF_X7R in C:\Users\kavin\Desktop\Bluetooth_Speaker_Setup\Bluetooth_Speaker_Setup\Bluetooth_Speaker_Driver\5v negative and positive channels.SchDoc with CC0603_10nF_X7R from Schlib1.SchLib
Replace Part C44 CC0603_10nF_X7R in C:\Users\kavin\Desktop\Bluetooth_Speaker_Setup\Bluetooth_Speaker_Setup\Bluetooth_Speaker_Driver\5v negative and positive channels.SchDoc with CC0603_10nF_X7R from Schlib1.SchLib
Replace Part C45 CC0805_10uF_X7R in C:\Users\kavin\Desktop\Bluetooth_Speaker_Setup\Bluetooth_Speaker_Setup\Bluetooth_Speaker_Driver\5v negative and positive channels.SchDoc with CC0805_10uF_X7R from Schlib1.SchLib
Replace Part C46 CC0603_10nF_X7R in C:\Users\kavin\Desktop\Bluetooth_Speaker_Setup\Bluetooth_Speaker_Setup\Bluetooth_Speaker_Driver\5v negative and positive channels.SchDoc with CC0603_10nF_X7R from Schlib1.SchLib
Replace Part C47 CC0805_10uF_X7R in C:\Users\kavin\Desktop\Bluetooth_Speaker_Setup\Bluetooth_Speaker_Setup\Bluetooth_Speaker_Driver\5v negative and positive channels.SchDoc with CC0805_10uF_X7R from Schlib1.SchLib
Replace Part C48 CC0805_10uF_X7R in C:\Users\kavin\Desktop\Bluetooth_Speaker_Setup\Bluetooth_Speaker_Setup\Bluetooth_Speaker_Driver\5v negative and positive channels.SchDoc with CC0805_10uF_X7R from Schlib1.SchLib
Replace Part C49 CC0805_10uF_X7R in C:\Users\kavin\Desktop\Bluetooth_Speaker_Setup\Bluetooth_Speaker_Setup\Bluetooth_Speaker_Driver\5v negative and positive channels.SchDoc with CC0805_10uF_X7R from Schlib1.SchLib
Replace Part IN1 IN2520_4.7uH_1A in C:\Users\kavin\Desktop\Bluetooth_Speaker_Setup\Bluetooth_Speaker_Setup\Bluetooth_Speaker_Driver\5v negative and positive channels.SchDoc with IN2520_4.7uH_1A from Schlib1.SchLib
Replace Part IN2 IN2520_4.7uH_1A in C:\Users\kavin\Desktop\Bluetooth_Speaker_Setup\Bluetooth_Speaker_Setup\Bluetooth_Speaker_Driver\5v negative and positive channels.SchDoc with IN2520_4.7uH_1A from Schlib1.SchLib
Replace Part R7 RESC0603_510K_THICK in C:\Users\kavin\Desktop\Bluetooth_Speaker_Setup\Bluetooth_Speaker_Setup\Bluetooth_Speaker_Driver\5v negative and positive channels.SchDoc with RESC0603_510K_THICK from Schlib1.SchLib
Replace Part R8 RESC0603_130K_THICK in C:\Users\kavin\Desktop\Bluetooth_Speaker_Setup\Bluetooth_Speaker_Setup\Bluetooth_Speaker_Driver\5v negative and positive channels.SchDoc with RESC0603_130K_THICK from Schlib1.SchLib
Replace Part R9 RESC0603_100K_THIN in C:\Users\kavin\Desktop\Bluetooth_Speaker_Setup\Bluetooth_Speaker_Setup\Bluetooth_Speaker_Driver\5v negative and positive channels.SchDoc with RESC0603_100K_THIN from Schlib1.SchLib
Replace Part R10 RESC0603_100_THIN in C:\Users\kavin\Desktop\Bluetooth_Speaker_Setup\Bluetooth_Speaker_Setup\Bluetooth_Speaker_Driver\5v negative and positive channels.SchDoc with RESC0603_100_THIN from Schlib1.SchLib
Replace Part R11 RESC0603_510K_THICK in C:\Users\kavin\Desktop\Bluetooth_Speaker_Setup\Bluetooth_Speaker_Setup\Bluetooth_Speaker_Driver\5v negative and positive channels.SchDoc with RESC0603_510K_THICK from Schlib1.SchLib
Replace Part R12 RESC0603_100K_THIN in C:\Users\kavin\Desktop\Bluetooth_Speaker_Setup\Bluetooth_Speaker_Setup\Bluetooth_Speaker_Driver\5v negative and positive channels.SchDoc with RESC0603_100K_THIN from Schlib1.SchLib
Replace Part R13 RESC0603_100K_THIN in C:\Users\kavin\Desktop\Bluetooth_Speaker_Setup\Bluetooth_Speaker_Setup\Bluetooth_Speaker_Driver\5v negative and positive channels.SchDoc with RESC0603_100K_THIN from Schlib1.SchLib
Replace Part R14 RESC0603_320K_THIN in C:\Users\kavin\Desktop\Bluetooth_Speaker_Setup\Bluetooth_Speaker_Setup\Bluetooth_Speaker_Driver\5v negative and positive channels.SchDoc with RESC0603_320K_THIN from Schlib1.SchLib
Replace Part R15 RESC0603_324K_THIN in C:\Users\kavin\Desktop\Bluetooth_Speaker_Setup\Bluetooth_Speaker_Setup\Bluetooth_Speaker_Driver\5v negative and positive channels.SchDoc with RESC0603_324K_THIN from Schlib1.SchLib
Replace Part SD1 SCHDIOSMB_1A in C:\Users\kavin\Desktop\Bluetooth_Speaker_Setup\Bluetooth_Speaker_Setup\Bluetooth_Speaker_Driver\5v negative and positive channels.SchDoc with SCHDIOSMB_1A from Schlib1.SchLib
Replace Part SD2 SCHDIOSMB_1A in C:\Users\kavin\Desktop\Bluetooth_Speaker_Setup\Bluetooth_Speaker_Setup\Bluetooth_Speaker_Driver\5v negative and positive channels.SchDoc with SCHDIOSMB_1A from Schlib1.SchLib
Replace Part TP33 TEST_POINT in C:\Users\kavin\Desktop\Bluetooth_Speaker_Setup\Bluetooth_Speaker_Setup\Bluetooth_Speaker_Driver\5v negative and positive channels.SchDoc with TEST_POINT from Schlib1.SchLib
Replace Part TP34 TEST_POINT in C:\Users\kavin\Desktop\Bluetooth_Speaker_Setup\Bluetooth_Speaker_Setup\Bluetooth_Speaker_Driver\5v negative and positive channels.SchDoc with TEST_POINT from Schlib1.SchLib
Replace Part TP35 TEST_POINT in C:\Users\kavin\Desktop\Bluetooth_Speaker_Setup\Bluetooth_Speaker_Setup\Bluetooth_Speaker_Driver\5v negative and positive channels.SchDoc with TEST_POINT from Schlib1.SchLib
Replace Part TP36 TEST_POINT in C:\Users\kavin\Desktop\Bluetooth_Speaker_Setup\Bluetooth_Speaker_Setup\Bluetooth_Speaker_Driver\5v negative and positive channels.SchDoc with TEST_POINT from Schlib1.SchLib
Replace Part U3 TPS65131RGER in C:\Users\kavin\Desktop\Bluetooth_Speaker_Setup\Bluetooth_Speaker_Setup\Bluetooth_Speaker_Driver\5v negative and positive channels.SchDoc with TPS65131RGER from Schlib1.SchLib
Replace Part U4 TPS7A4901DGNR in C:\Users\kavin\Desktop\Bluetooth_Speaker_Setup\Bluetooth_Speaker_Setup\Bluetooth_Speaker_Driver\5v negative and positive channels.SchDoc with TPS7A4901DGNR from Schlib1.SchLib
Replace Part U5 TPS7A3001DGNR in C:\Users\kavin\Desktop\Bluetooth_Speaker_Setup\Bluetooth_Speaker_Setup\Bluetooth_Speaker_Driver\5v negative and positive channels.SchDoc with TPS7A3001DGNR from Schlib1.SchLib
