Change Component Designator: Old Designator=C99 New Designator=C?
Change Component Designator: Old Designator=C100 New Designator=C?
Change Component Designator: Old Designator=C101 New Designator=C?
Change Component Designator: Old Designator=C102 New Designator=C?
Change Component Designator: Old Designator=C103 New Designator=C?
Change Component Designator: Old Designator=C104 New Designator=C?
Change Component Designator: Old Designator=C105 New Designator=C?
Change Component Designator: Old Designator=C106 New Designator=C?
Change Component Designator: Old Designator=C107 New Designator=C?
Change Component Designator: Old Designator=C108 New Designator=C?
Change Component Designator: Old Designator=C109 New Designator=C?
Change Component Designator: Old Designator=C110 New Designator=C?
Change Component Designator: Old Designator=C111 New Designator=C?
Change Component Designator: Old Designator=C112 New Designator=C?
Change Component Designator: Old Designator=C113 New Designator=C?
Change Component Designator: Old Designator=FB7 New Designator=FB?
Change Component Designator: Old Designator=J8 New Designator=J?
Change Component Designator: Old Designator=L8 New Designator=L?
Change Component Designator: Old Designator=L9 New Designator=L?
Change Component Designator: Old Designator=R44 New Designator=R?
Change Component Designator: Old Designator=R45 New Designator=R?
Change Component Designator: Old Designator=R46 New Designator=R?
Change Component Designator: Old Designator=R47 New Designator=R?
Change Component Designator: Old Designator=R48 New Designator=R?
Change Component Designator: Old Designator=TP48 New Designator=TP?
Change Component Designator: Old Designator=TP49 New Designator=TP?
Change Component Designator: Old Designator=TP50 New Designator=TP?
Change Component Designator: Old Designator=U12 New Designator=U?
