Replace Part C99 CPD6.3XL7.7_100uF_POLY in C:\Users\kavin\Desktop\Bluetooth_Speaker_Setup\Bluetooth_Speaker_Setup\Bluetooth_Speaker_Driver\Mono_Bass_TPA3138D2.SchDoc with CPD6.3XL7.7_100uF_POLY from Schlib1.SchLib
Replace Part C100 CC0603_100nF_X7R in C:\Users\kavin\Desktop\Bluetooth_Speaker_Setup\Bluetooth_Speaker_Setup\Bluetooth_Speaker_Driver\Mono_Bass_TPA3138D2.SchDoc with CC0603_100nF_X7R from Schlib1.SchLib
Replace Part C101 CC0603_1nF_X7R in C:\Users\kavin\Desktop\Bluetooth_Speaker_Setup\Bluetooth_Speaker_Setup\Bluetooth_Speaker_Driver\Mono_Bass_TPA3138D2.SchDoc with CC0603_1nF_X7R from Schlib1.SchLib
Replace Part C102 CPD6.3XL7.7_220uF_POLY in C:\Users\kavin\Desktop\Bluetooth_Speaker_Setup\Bluetooth_Speaker_Setup\Bluetooth_Speaker_Driver\Mono_Bass_TPA3138D2.SchDoc with CPD6.3XL7.7_220uF_POLY from Schlib1.SchLib
Replace Part C103 CC1206_680nF_X7R in C:\Users\kavin\Desktop\Bluetooth_Speaker_Setup\Bluetooth_Speaker_Setup\Bluetooth_Speaker_Driver\Mono_Bass_TPA3138D2.SchDoc with CC1206_680nF_X7R from Schlib1.SchLib
Replace Part C104 CPD6.3XL7.7_100uF_POLY in C:\Users\kavin\Desktop\Bluetooth_Speaker_Setup\Bluetooth_Speaker_Setup\Bluetooth_Speaker_Driver\Mono_Bass_TPA3138D2.SchDoc with CPD6.3XL7.7_100uF_POLY from Schlib1.SchLib
Replace Part C105 CC0603_100nF_X7R in C:\Users\kavin\Desktop\Bluetooth_Speaker_Setup\Bluetooth_Speaker_Setup\Bluetooth_Speaker_Driver\Mono_Bass_TPA3138D2.SchDoc with CC0603_100nF_X7R from Schlib1.SchLib
Replace Part C106 CC0603_1nF_X7R in C:\Users\kavin\Desktop\Bluetooth_Speaker_Setup\Bluetooth_Speaker_Setup\Bluetooth_Speaker_Driver\Mono_Bass_TPA3138D2.SchDoc with CC0603_1nF_X7R from Schlib1.SchLib
Replace Part C107 CC1206_470nF_X7R in C:\Users\kavin\Desktop\Bluetooth_Speaker_Setup\Bluetooth_Speaker_Setup\Bluetooth_Speaker_Driver\Mono_Bass_TPA3138D2.SchDoc with CC1206_470nF_X7R from Schlib1.SchLib
Replace Part C108 CC0805_1uF_X7R in C:\Users\kavin\Desktop\Bluetooth_Speaker_Setup\Bluetooth_Speaker_Setup\Bluetooth_Speaker_Driver\Mono_Bass_TPA3138D2.SchDoc with CC0805_1uF_X7R from Schlib1.SchLib
Replace Part C109 CC1206_470nF_X7R in C:\Users\kavin\Desktop\Bluetooth_Speaker_Setup\Bluetooth_Speaker_Setup\Bluetooth_Speaker_Driver\Mono_Bass_TPA3138D2.SchDoc with CC1206_470nF_X7R from Schlib1.SchLib
Replace Part C110 CC1206_680nF_X7R in C:\Users\kavin\Desktop\Bluetooth_Speaker_Setup\Bluetooth_Speaker_Setup\Bluetooth_Speaker_Driver\Mono_Bass_TPA3138D2.SchDoc with CC1206_680nF_X7R from Schlib1.SchLib
Replace Part C111 CC0805_1uF_X7R in C:\Users\kavin\Desktop\Bluetooth_Speaker_Setup\Bluetooth_Speaker_Setup\Bluetooth_Speaker_Driver\Mono_Bass_TPA3138D2.SchDoc with CC0805_1uF_X7R from Schlib1.SchLib
Replace Part C112 CC0805_1uF_X7R in C:\Users\kavin\Desktop\Bluetooth_Speaker_Setup\Bluetooth_Speaker_Setup\Bluetooth_Speaker_Driver\Mono_Bass_TPA3138D2.SchDoc with CC0805_1uF_X7R from Schlib1.SchLib
Replace Part C113 CC0805_1uF_X7R in C:\Users\kavin\Desktop\Bluetooth_Speaker_Setup\Bluetooth_Speaker_Setup\Bluetooth_Speaker_Driver\Mono_Bass_TPA3138D2.SchDoc with CC0805_1uF_X7R from Schlib1.SchLib
Replace Part FB7 FB0805_6A in C:\Users\kavin\Desktop\Bluetooth_Speaker_Setup\Bluetooth_Speaker_Setup\Bluetooth_Speaker_Driver\Mono_Bass_TPA3138D2.SchDoc with FB0805_6A from Schlib1.SchLib
Replace Part J8 JST_B2B-XH-A-GU in C:\Users\kavin\Desktop\Bluetooth_Speaker_Setup\Bluetooth_Speaker_Setup\Bluetooth_Speaker_Driver\Mono_Bass_TPA3138D2.SchDoc with JST_B2B-XH-A-GU from Schlib1.SchLib
Replace Part L8 IN0606_10uH_2.7A in C:\Users\kavin\Desktop\Bluetooth_Speaker_Setup\Bluetooth_Speaker_Setup\Bluetooth_Speaker_Driver\Mono_Bass_TPA3138D2.SchDoc with IN0606_10uH_2.7A from Schlib1.SchLib
Replace Part L9 IN0606_10uH_2.7A in C:\Users\kavin\Desktop\Bluetooth_Speaker_Setup\Bluetooth_Speaker_Setup\Bluetooth_Speaker_Driver\Mono_Bass_TPA3138D2.SchDoc with IN0606_10uH_2.7A from Schlib1.SchLib
Replace Part R44 RESC0603_100K_THIN in C:\Users\kavin\Desktop\Bluetooth_Speaker_Setup\Bluetooth_Speaker_Setup\Bluetooth_Speaker_Driver\Mono_Bass_TPA3138D2.SchDoc with RESC0603_100K_THIN from Schlib1.SchLib
Replace Part R45 RESC0603_51K_THICK in C:\Users\kavin\Desktop\Bluetooth_Speaker_Setup\Bluetooth_Speaker_Setup\Bluetooth_Speaker_Driver\Mono_Bass_TPA3138D2.SchDoc with RESC0603_51K_THICK from Schlib1.SchLib
Replace Part R46 RESC0603_100K_THIN in C:\Users\kavin\Desktop\Bluetooth_Speaker_Setup\Bluetooth_Speaker_Setup\Bluetooth_Speaker_Driver\Mono_Bass_TPA3138D2.SchDoc with RESC0603_100K_THIN from Schlib1.SchLib
Replace Part R47 RESC0603_39K_THICK in C:\Users\kavin\Desktop\Bluetooth_Speaker_Setup\Bluetooth_Speaker_Setup\Bluetooth_Speaker_Driver\Mono_Bass_TPA3138D2.SchDoc with RESC0603_39K_THICK from Schlib1.SchLib
Replace Part R48 RESC0603_100K_THIN in C:\Users\kavin\Desktop\Bluetooth_Speaker_Setup\Bluetooth_Speaker_Setup\Bluetooth_Speaker_Driver\Mono_Bass_TPA3138D2.SchDoc with RESC0603_100K_THIN from Schlib1.SchLib
Replace Part TP48 TEST_POINT in C:\Users\kavin\Desktop\Bluetooth_Speaker_Setup\Bluetooth_Speaker_Setup\Bluetooth_Speaker_Driver\Mono_Bass_TPA3138D2.SchDoc with TEST_POINT from Schlib1.SchLib
Replace Part TP49 TEST_POINT in C:\Users\kavin\Desktop\Bluetooth_Speaker_Setup\Bluetooth_Speaker_Setup\Bluetooth_Speaker_Driver\Mono_Bass_TPA3138D2.SchDoc with TEST_POINT from Schlib1.SchLib
Replace Part TP50 TEST_POINT in C:\Users\kavin\Desktop\Bluetooth_Speaker_Setup\Bluetooth_Speaker_Setup\Bluetooth_Speaker_Driver\Mono_Bass_TPA3138D2.SchDoc with TEST_POINT from Schlib1.SchLib
Replace Part U12 TPA3138D2PWPR in C:\Users\kavin\Desktop\Bluetooth_Speaker_Setup\Bluetooth_Speaker_Setup\Bluetooth_Speaker_Driver\Mono_Bass_TPA3138D2.SchDoc with TPA3138D2PWPR from Schlib1.SchLib
