Replace Part ANT1 ANT3216_2.45GHz in C:\Users\kavin\Desktop\Bluetooth_Speaker_Setup\Bluetooth_Speaker_Setup\Bluetooth_Speaker_Driver\nRF5340.SchDoc with ANT3216_2.45GHz from Schlib1.SchLib
Replace Part C1 CC0805_1uF_X7R in C:\Users\kavin\Desktop\Bluetooth_Speaker_Setup\Bluetooth_Speaker_Setup\Bluetooth_Speaker_Driver\nRF5340.SchDoc with CC0805_1uF_X7R from Schlib1.SchLib
Replace Part C2 CC0603_100nF_X7R in C:\Users\kavin\Desktop\Bluetooth_Speaker_Setup\Bluetooth_Speaker_Setup\Bluetooth_Speaker_Driver\nRF5340.SchDoc with CC0603_100nF_X7R from Schlib1.SchLib
Replace Part C3 CC0603_100nF_X7R in C:\Users\kavin\Desktop\Bluetooth_Speaker_Setup\Bluetooth_Speaker_Setup\Bluetooth_Speaker_Driver\nRF5340.SchDoc with CC0603_100nF_X7R from Schlib1.SchLib
Replace Part C4 CC0603_100nF_X7R in C:\Users\kavin\Desktop\Bluetooth_Speaker_Setup\Bluetooth_Speaker_Setup\Bluetooth_Speaker_Driver\nRF5340.SchDoc with CC0603_100nF_X7R from Schlib1.SchLib
Replace Part C5 CC0603_100nF_X7R in C:\Users\kavin\Desktop\Bluetooth_Speaker_Setup\Bluetooth_Speaker_Setup\Bluetooth_Speaker_Driver\nRF5340.SchDoc with CC0603_100nF_X7R from Schlib1.SchLib
Replace Part C6 CC0603_2.2nF_NPO in C:\Users\kavin\Desktop\Bluetooth_Speaker_Setup\Bluetooth_Speaker_Setup\Bluetooth_Speaker_Driver\nRF5340.SchDoc with CC0603_2.2nF_NPO from Schlib1.SchLib
Replace Part C7 CC0805_1uF_X7R in C:\Users\kavin\Desktop\Bluetooth_Speaker_Setup\Bluetooth_Speaker_Setup\Bluetooth_Speaker_Driver\nRF5340.SchDoc with CC0805_1uF_X7R from Schlib1.SchLib
Replace Part C8 CC0603_100nF_X7R in C:\Users\kavin\Desktop\Bluetooth_Speaker_Setup\Bluetooth_Speaker_Setup\Bluetooth_Speaker_Driver\nRF5340.SchDoc with CC0603_100nF_X7R from Schlib1.SchLib
Replace Part C9 CC0603_100nF_X7R in C:\Users\kavin\Desktop\Bluetooth_Speaker_Setup\Bluetooth_Speaker_Setup\Bluetooth_Speaker_Driver\nRF5340.SchDoc with CC0603_100nF_X7R from Schlib1.SchLib
Replace Part C10 CC0603_100nF_X7R in C:\Users\kavin\Desktop\Bluetooth_Speaker_Setup\Bluetooth_Speaker_Setup\Bluetooth_Speaker_Driver\nRF5340.SchDoc with CC0603_100nF_X7R from Schlib1.SchLib
Replace Part C11 CC0603_100nF_X7R in C:\Users\kavin\Desktop\Bluetooth_Speaker_Setup\Bluetooth_Speaker_Setup\Bluetooth_Speaker_Driver\nRF5340.SchDoc with CC0603_100nF_X7R from Schlib1.SchLib
Replace Part C12 CC0805_1uF_X7R in C:\Users\kavin\Desktop\Bluetooth_Speaker_Setup\Bluetooth_Speaker_Setup\Bluetooth_Speaker_Driver\nRF5340.SchDoc with CC0805_1uF_X7R from Schlib1.SchLib
Replace Part C13 CC0805_1uF_X7R in C:\Users\kavin\Desktop\Bluetooth_Speaker_Setup\Bluetooth_Speaker_Setup\Bluetooth_Speaker_Driver\nRF5340.SchDoc with CC0805_1uF_X7R from Schlib1.SchLib
Replace Part C14 CC0201_0.7pF_COG in C:\Users\kavin\Desktop\Bluetooth_Speaker_Setup\Bluetooth_Speaker_Setup\Bluetooth_Speaker_Driver\nRF5340.SchDoc with CC0201_0.7pF_COG from Schlib1.SchLib
Replace Part C15 CC0201_0.7pF_COG in C:\Users\kavin\Desktop\Bluetooth_Speaker_Setup\Bluetooth_Speaker_Setup\Bluetooth_Speaker_Driver\nRF5340.SchDoc with CC0201_0.7pF_COG from Schlib1.SchLib
Replace Part C16 CC0805_4.7uF_X7R in C:\Users\kavin\Desktop\Bluetooth_Speaker_Setup\Bluetooth_Speaker_Setup\Bluetooth_Speaker_Driver\nRF5340.SchDoc with CC0805_4.7uF_X7R from Schlib1.SchLib
Replace Part C17 CC0805_4.7uF_X7R in C:\Users\kavin\Desktop\Bluetooth_Speaker_Setup\Bluetooth_Speaker_Setup\Bluetooth_Speaker_Driver\nRF5340.SchDoc with CC0805_4.7uF_X7R from Schlib1.SchLib
Replace Part C18 CC1206_100nF_C0G in C:\Users\kavin\Desktop\Bluetooth_Speaker_Setup\Bluetooth_Speaker_Setup\Bluetooth_Speaker_Driver\nRF5340.SchDoc with CC1206_100nF_C0G from Schlib1.SchLib
Replace Part C19 CC0805_1uF_X7R in C:\Users\kavin\Desktop\Bluetooth_Speaker_Setup\Bluetooth_Speaker_Setup\Bluetooth_Speaker_Driver\nRF5340.SchDoc with CC0805_1uF_X7R from Schlib1.SchLib
Replace Part J1 SWD_CONN_2X5P_1.27MM in C:\Users\kavin\Desktop\Bluetooth_Speaker_Setup\Bluetooth_Speaker_Setup\Bluetooth_Speaker_Driver\nRF5340.SchDoc with SWD_CONN_2X5P_1.27MM from Schlib1.SchLib
Replace Part J2 JST_GH_4_PIN in C:\Users\kavin\Desktop\Bluetooth_Speaker_Setup\Bluetooth_Speaker_Setup\Bluetooth_Speaker_Driver\nRF5340.SchDoc with JST_GH_4_PIN from Schlib1.SchLib
Replace Part J3 JST_GH_8_PIN in C:\Users\kavin\Desktop\Bluetooth_Speaker_Setup\Bluetooth_Speaker_Setup\Bluetooth_Speaker_Driver\nRF5340.SchDoc with JST_GH_8_PIN from Schlib1.SchLib
Replace Part J4 USB_TYPE_A_FE in C:\Users\kavin\Desktop\Bluetooth_Speaker_Setup\Bluetooth_Speaker_Setup\Bluetooth_Speaker_Driver\nRF5340.SchDoc with USB_TYPE_A_FE from Schlib1.SchLib
Replace Part L1 IN0603_10uH in C:\Users\kavin\Desktop\Bluetooth_Speaker_Setup\Bluetooth_Speaker_Setup\Bluetooth_Speaker_Driver\nRF5340.SchDoc with IN0603_10uH from Schlib1.SchLib
Replace Part L2 IN0603_10uH in C:\Users\kavin\Desktop\Bluetooth_Speaker_Setup\Bluetooth_Speaker_Setup\Bluetooth_Speaker_Driver\nRF5340.SchDoc with IN0603_10uH from Schlib1.SchLib
Replace Part L3 IN0201_2.2nH in C:\Users\kavin\Desktop\Bluetooth_Speaker_Setup\Bluetooth_Speaker_Setup\Bluetooth_Speaker_Driver\nRF5340.SchDoc with IN0201_2.2nH from Schlib1.SchLib
Replace Part L4 IN0201_2.2nH in C:\Users\kavin\Desktop\Bluetooth_Speaker_Setup\Bluetooth_Speaker_Setup\Bluetooth_Speaker_Driver\nRF5340.SchDoc with IN0201_2.2nH from Schlib1.SchLib
Replace Part L5 IN0201_1.5nH in C:\Users\kavin\Desktop\Bluetooth_Speaker_Setup\Bluetooth_Speaker_Setup\Bluetooth_Speaker_Driver\nRF5340.SchDoc with IN0201_1.5nH from Schlib1.SchLib
Replace Part L6 IN0201_1.8nH in C:\Users\kavin\Desktop\Bluetooth_Speaker_Setup\Bluetooth_Speaker_Setup\Bluetooth_Speaker_Driver\nRF5340.SchDoc with IN0201_1.8nH from Schlib1.SchLib
Replace Part L7 IN0201_1.8nH in C:\Users\kavin\Desktop\Bluetooth_Speaker_Setup\Bluetooth_Speaker_Setup\Bluetooth_Speaker_Driver\nRF5340.SchDoc with IN0201_1.8nH from Schlib1.SchLib
Replace Part R1 REC0201_2.2_THICK in C:\Users\kavin\Desktop\Bluetooth_Speaker_Setup\Bluetooth_Speaker_Setup\Bluetooth_Speaker_Driver\nRF5340.SchDoc with REC0201_2.2_THICK from Schlib1.SchLib
Replace Part SW1 SW_SMD_PUSH in C:\Users\kavin\Desktop\Bluetooth_Speaker_Setup\Bluetooth_Speaker_Setup\Bluetooth_Speaker_Driver\nRF5340.SchDoc with SW_SMD_PUSH from Schlib1.SchLib
Replace Part SW2 SW_SMD_PUSH in C:\Users\kavin\Desktop\Bluetooth_Speaker_Setup\Bluetooth_Speaker_Setup\Bluetooth_Speaker_Driver\nRF5340.SchDoc with SW_SMD_PUSH from Schlib1.SchLib
Replace Part SW3 SW_SMD_PUSH in C:\Users\kavin\Desktop\Bluetooth_Speaker_Setup\Bluetooth_Speaker_Setup\Bluetooth_Speaker_Driver\nRF5340.SchDoc with SW_SMD_PUSH from Schlib1.SchLib
Replace Part SW4 SW_SMD_PUSH in C:\Users\kavin\Desktop\Bluetooth_Speaker_Setup\Bluetooth_Speaker_Setup\Bluetooth_Speaker_Driver\nRF5340.SchDoc with SW_SMD_PUSH from Schlib1.SchLib
Replace Part SW5 SW_SMD_PUSH in C:\Users\kavin\Desktop\Bluetooth_Speaker_Setup\Bluetooth_Speaker_Setup\Bluetooth_Speaker_Driver\nRF5340.SchDoc with SW_SMD_PUSH from Schlib1.SchLib
Replace Part SW6 SW_SMD_PUSH in C:\Users\kavin\Desktop\Bluetooth_Speaker_Setup\Bluetooth_Speaker_Setup\Bluetooth_Speaker_Driver\nRF5340.SchDoc with SW_SMD_PUSH from Schlib1.SchLib
Replace Part SW7 SW_SMD_PUSH in C:\Users\kavin\Desktop\Bluetooth_Speaker_Setup\Bluetooth_Speaker_Setup\Bluetooth_Speaker_Driver\nRF5340.SchDoc with SW_SMD_PUSH from Schlib1.SchLib
Replace Part SW8 SW_SMD_PUSH in C:\Users\kavin\Desktop\Bluetooth_Speaker_Setup\Bluetooth_Speaker_Setup\Bluetooth_Speaker_Driver\nRF5340.SchDoc with SW_SMD_PUSH from Schlib1.SchLib
Replace Part TP1 TEST_POINT in C:\Users\kavin\Desktop\Bluetooth_Speaker_Setup\Bluetooth_Speaker_Setup\Bluetooth_Speaker_Driver\nRF5340.SchDoc with TEST_POINT from Schlib1.SchLib
Replace Part TP2 TEST_POINT in C:\Users\kavin\Desktop\Bluetooth_Speaker_Setup\Bluetooth_Speaker_Setup\Bluetooth_Speaker_Driver\nRF5340.SchDoc with TEST_POINT from Schlib1.SchLib
Replace Part TP3 TEST_POINT in C:\Users\kavin\Desktop\Bluetooth_Speaker_Setup\Bluetooth_Speaker_Setup\Bluetooth_Speaker_Driver\nRF5340.SchDoc with TEST_POINT from Schlib1.SchLib
Replace Part TP4 TEST_POINT in C:\Users\kavin\Desktop\Bluetooth_Speaker_Setup\Bluetooth_Speaker_Setup\Bluetooth_Speaker_Driver\nRF5340.SchDoc with TEST_POINT from Schlib1.SchLib
Replace Part TP5 TEST_POINT in C:\Users\kavin\Desktop\Bluetooth_Speaker_Setup\Bluetooth_Speaker_Setup\Bluetooth_Speaker_Driver\nRF5340.SchDoc with TEST_POINT from Schlib1.SchLib
Replace Part TP6 TEST_POINT in C:\Users\kavin\Desktop\Bluetooth_Speaker_Setup\Bluetooth_Speaker_Setup\Bluetooth_Speaker_Driver\nRF5340.SchDoc with TEST_POINT from Schlib1.SchLib
Replace Part TP7 TEST_POINT in C:\Users\kavin\Desktop\Bluetooth_Speaker_Setup\Bluetooth_Speaker_Setup\Bluetooth_Speaker_Driver\nRF5340.SchDoc with TEST_POINT from Schlib1.SchLib
Replace Part TP8 TEST_POINT in C:\Users\kavin\Desktop\Bluetooth_Speaker_Setup\Bluetooth_Speaker_Setup\Bluetooth_Speaker_Driver\nRF5340.SchDoc with TEST_POINT from Schlib1.SchLib
Replace Part TP9 TEST_POINT in C:\Users\kavin\Desktop\Bluetooth_Speaker_Setup\Bluetooth_Speaker_Setup\Bluetooth_Speaker_Driver\nRF5340.SchDoc with TEST_POINT from Schlib1.SchLib
Replace Part TP10 TEST_POINT in C:\Users\kavin\Desktop\Bluetooth_Speaker_Setup\Bluetooth_Speaker_Setup\Bluetooth_Speaker_Driver\nRF5340.SchDoc with TEST_POINT from Schlib1.SchLib
Replace Part TP11 TEST_POINT in C:\Users\kavin\Desktop\Bluetooth_Speaker_Setup\Bluetooth_Speaker_Setup\Bluetooth_Speaker_Driver\nRF5340.SchDoc with TEST_POINT from Schlib1.SchLib
Replace Part TP12 TEST_POINT in C:\Users\kavin\Desktop\Bluetooth_Speaker_Setup\Bluetooth_Speaker_Setup\Bluetooth_Speaker_Driver\nRF5340.SchDoc with TEST_POINT from Schlib1.SchLib
Replace Part TP13 TEST_POINT in C:\Users\kavin\Desktop\Bluetooth_Speaker_Setup\Bluetooth_Speaker_Setup\Bluetooth_Speaker_Driver\nRF5340.SchDoc with TEST_POINT from Schlib1.SchLib
Replace Part TP14 TEST_POINT in C:\Users\kavin\Desktop\Bluetooth_Speaker_Setup\Bluetooth_Speaker_Setup\Bluetooth_Speaker_Driver\nRF5340.SchDoc with TEST_POINT from Schlib1.SchLib
Replace Part TP15 TEST_POINT in C:\Users\kavin\Desktop\Bluetooth_Speaker_Setup\Bluetooth_Speaker_Setup\Bluetooth_Speaker_Driver\nRF5340.SchDoc with TEST_POINT from Schlib1.SchLib
Replace Part TP16 TEST_POINT in C:\Users\kavin\Desktop\Bluetooth_Speaker_Setup\Bluetooth_Speaker_Setup\Bluetooth_Speaker_Driver\nRF5340.SchDoc with TEST_POINT from Schlib1.SchLib
Replace Part TP17 TEST_POINT in C:\Users\kavin\Desktop\Bluetooth_Speaker_Setup\Bluetooth_Speaker_Setup\Bluetooth_Speaker_Driver\nRF5340.SchDoc with TEST_POINT from Schlib1.SchLib
Replace Part TP18 TEST_POINT in C:\Users\kavin\Desktop\Bluetooth_Speaker_Setup\Bluetooth_Speaker_Setup\Bluetooth_Speaker_Driver\nRF5340.SchDoc with TEST_POINT from Schlib1.SchLib
Replace Part TP19 TEST_POINT in C:\Users\kavin\Desktop\Bluetooth_Speaker_Setup\Bluetooth_Speaker_Setup\Bluetooth_Speaker_Driver\nRF5340.SchDoc with TEST_POINT from Schlib1.SchLib
Replace Part TP20 TEST_POINT in C:\Users\kavin\Desktop\Bluetooth_Speaker_Setup\Bluetooth_Speaker_Setup\Bluetooth_Speaker_Driver\nRF5340.SchDoc with TEST_POINT from Schlib1.SchLib
Replace Part TP21 TEST_POINT in C:\Users\kavin\Desktop\Bluetooth_Speaker_Setup\Bluetooth_Speaker_Setup\Bluetooth_Speaker_Driver\nRF5340.SchDoc with TEST_POINT from Schlib1.SchLib
Replace Part TP22 TEST_POINT in C:\Users\kavin\Desktop\Bluetooth_Speaker_Setup\Bluetooth_Speaker_Setup\Bluetooth_Speaker_Driver\nRF5340.SchDoc with TEST_POINT from Schlib1.SchLib
Replace Part TP23 TEST_POINT in C:\Users\kavin\Desktop\Bluetooth_Speaker_Setup\Bluetooth_Speaker_Setup\Bluetooth_Speaker_Driver\nRF5340.SchDoc with TEST_POINT from Schlib1.SchLib
Replace Part TP24 TEST_POINT in C:\Users\kavin\Desktop\Bluetooth_Speaker_Setup\Bluetooth_Speaker_Setup\Bluetooth_Speaker_Driver\nRF5340.SchDoc with TEST_POINT from Schlib1.SchLib
Replace Part TP25 TEST_POINT in C:\Users\kavin\Desktop\Bluetooth_Speaker_Setup\Bluetooth_Speaker_Setup\Bluetooth_Speaker_Driver\nRF5340.SchDoc with TEST_POINT from Schlib1.SchLib
Replace Part TP26 TEST_POINT in C:\Users\kavin\Desktop\Bluetooth_Speaker_Setup\Bluetooth_Speaker_Setup\Bluetooth_Speaker_Driver\nRF5340.SchDoc with TEST_POINT from Schlib1.SchLib
Replace Part TP27 TEST_POINT in C:\Users\kavin\Desktop\Bluetooth_Speaker_Setup\Bluetooth_Speaker_Setup\Bluetooth_Speaker_Driver\nRF5340.SchDoc with TEST_POINT from Schlib1.SchLib
Replace Part TP28 TEST_POINT in C:\Users\kavin\Desktop\Bluetooth_Speaker_Setup\Bluetooth_Speaker_Setup\Bluetooth_Speaker_Driver\nRF5340.SchDoc with TEST_POINT from Schlib1.SchLib
Replace Part TP29 TEST_POINT in C:\Users\kavin\Desktop\Bluetooth_Speaker_Setup\Bluetooth_Speaker_Setup\Bluetooth_Speaker_Driver\nRF5340.SchDoc with TEST_POINT from Schlib1.SchLib
Replace Part TP30 TEST_POINT in C:\Users\kavin\Desktop\Bluetooth_Speaker_Setup\Bluetooth_Speaker_Setup\Bluetooth_Speaker_Driver\nRF5340.SchDoc with TEST_POINT from Schlib1.SchLib
Replace Part U1 nRF5340-QKAA in C:\Users\kavin\Desktop\Bluetooth_Speaker_Setup\Bluetooth_Speaker_Setup\Bluetooth_Speaker_Driver\nRF5340.SchDoc with nRF5340-QKAA from nRF5340_qkaa_config4.SCHLIB
Replace Part U1 nRF5340-QKAA in C:\Users\kavin\Desktop\Bluetooth_Speaker_Setup\Bluetooth_Speaker_Setup\Bluetooth_Speaker_Driver\nRF5340.SchDoc with nRF5340-QKAA from nRF5340_qkaa_config4.SCHLIB
Replace Part U1 nRF5340-QKAA in C:\Users\kavin\Desktop\Bluetooth_Speaker_Setup\Bluetooth_Speaker_Setup\Bluetooth_Speaker_Driver\nRF5340.SchDoc with nRF5340-QKAA from nRF5340_qkaa_config4.SCHLIB
Replace Part U1 nRF5340-QKAA in C:\Users\kavin\Desktop\Bluetooth_Speaker_Setup\Bluetooth_Speaker_Setup\Bluetooth_Speaker_Driver\nRF5340.SchDoc with nRF5340-QKAA from nRF5340_qkaa_config4.SCHLIB
Replace Part X1 SMD3225_4P_32MHz_OSC in C:\Users\kavin\Desktop\Bluetooth_Speaker_Setup\Bluetooth_Speaker_Setup\Bluetooth_Speaker_Driver\nRF5340.SchDoc with SMD3225_4P_32MHz_OSC from Schlib1.SchLib
