Removed Pin From Net: NetName=P0.15 / QSPI2 Pin=SW1-1
Removed Pin From Net: NetName=P0.16 / QSPI3 Pin=SW2-1
Removed Pin From Net: NetName=P0.17 / QSPI_CLK Pin=SW3-1
Removed Pin From Net: NetName=P0.18 / QSPI_CS Pin=SW4-1
Removed Pin From Net: NetName=P0.19 Pin=SW5-1
Removed Pin From Net: NetName=P0.20 Pin=SW6-1
Removed Pin From Net: NetName=P0.21 Pin=SW7-1
Removed Pin From Net: NetName=P0.22 Pin=SW8-1
Removed Pin From Net: NetName=P0.15 / QSPI2 Pin=TP1-1
Removed Pin From Net: NetName=P0.16 / QSPI3 Pin=TP2-1
Removed Pin From Net: NetName=P0.17 / QSPI_CLK Pin=TP3-1
Removed Pin From Net: NetName=P0.18 / QSPI_CS Pin=TP5-1
Removed Pin From Net: NetName=P0.19 Pin=TP7-1
Removed Pin From Net: NetName=P0.20 Pin=TP11-1
Removed Pin From Net: NetName=P0.21 Pin=TP13-1
Removed Pin From Net: NetName=P0.22 Pin=TP16-1
Added Pin To Net: NetName=P0.22 Pin=SW1-1
Added Pin To Net: NetName=P0.21 Pin=SW2-1
Added Pin To Net: NetName=P0.20 Pin=SW3-1
Added Pin To Net: NetName=P0.19 Pin=SW4-1
Added Pin To Net: NetName=P0.18 / QSPI_CS Pin=SW5-1
Added Pin To Net: NetName=P0.17 / QSPI_CLK Pin=SW6-1
Added Pin To Net: NetName=P0.16 / QSPI3 Pin=SW7-1
Added Pin To Net: NetName=P0.22 Pin=TP1-1
Added Pin To Net: NetName=P0.21 Pin=TP2-1
Added Pin To Net: NetName=P0.20 Pin=TP3-1
Added Pin To Net: NetName=P0.19 Pin=TP5-1
Added Pin To Net: NetName=P0.18 / QSPI_CS Pin=TP7-1
Added Pin To Net: NetName=P0.17 / QSPI_CLK Pin=TP11-1
Added Pin To Net: NetName=P0.16 / QSPI3 Pin=TP13-1
Added Pin To Net: NetName=NetSW8_1 Pin=SW8-1
Added Pin To Net: NetName=NetSW8_1 Pin=TP16-1
Added Net: Name=NetSW8_1
Change Room Name: Old Name=nRF5340 New Name=U_LOW_PASS_FILTER
Change Room Scope: Old Scope=InComponentClass('Room Definition1') New Scope=InComponentClass('U_LOW_PASS_FILTER')
