Replace Part C50 CC0603_100nF_X7R in C:\Users\kavin\Desktop\Bluetooth_Speaker_Setup\Bluetooth_Speaker_Setup\Bluetooth_Speaker_Driver\Power_Section.SchDoc with CC0603_100nF_X7R from Schlib1.SchLib
Replace Part C51 CC1210_22uF_X7R in C:\Users\kavin\Desktop\Bluetooth_Speaker_Setup\Bluetooth_Speaker_Setup\Bluetooth_Speaker_Driver\Power_Section.SchDoc with CC1210_22uF_X7R from Schlib1.SchLib
Replace Part C52 CC1210_22uF_X7R in C:\Users\kavin\Desktop\Bluetooth_Speaker_Setup\Bluetooth_Speaker_Setup\Bluetooth_Speaker_Driver\Power_Section.SchDoc with CC1210_22uF_X7R from Schlib1.SchLib
Replace Part C53 CC0805_10uF_X7R in C:\Users\kavin\Desktop\Bluetooth_Speaker_Setup\Bluetooth_Speaker_Setup\Bluetooth_Speaker_Driver\Power_Section.SchDoc with CC0805_10uF_X7R from Schlib1.SchLib
Replace Part C54 CC0603_100nF_X7R in C:\Users\kavin\Desktop\Bluetooth_Speaker_Setup\Bluetooth_Speaker_Setup\Bluetooth_Speaker_Driver\Power_Section.SchDoc with CC0603_100nF_X7R from Schlib1.SchLib
Replace Part C55 CC0603_75pF_NPO in C:\Users\kavin\Desktop\Bluetooth_Speaker_Setup\Bluetooth_Speaker_Setup\Bluetooth_Speaker_Driver\Power_Section.SchDoc with CC0603_75pF_NPO from Schlib1.SchLib
Replace Part C56 CC0805_10uF_X7R in C:\Users\kavin\Desktop\Bluetooth_Speaker_Setup\Bluetooth_Speaker_Setup\Bluetooth_Speaker_Driver\Power_Section.SchDoc with CC0805_10uF_X7R from Schlib1.SchLib
Replace Part C57 CC0603_100nF_X7R in C:\Users\kavin\Desktop\Bluetooth_Speaker_Setup\Bluetooth_Speaker_Setup\Bluetooth_Speaker_Driver\Power_Section.SchDoc with CC0603_100nF_X7R from Schlib1.SchLib
Replace Part C58 CC0805_1uF_X7R in C:\Users\kavin\Desktop\Bluetooth_Speaker_Setup\Bluetooth_Speaker_Setup\Bluetooth_Speaker_Driver\Power_Section.SchDoc with CC0805_1uF_X7R from Schlib1.SchLib
Replace Part C59 CPD10XL10.2_470uF_ALUM in C:\Users\kavin\Desktop\Bluetooth_Speaker_Setup\Bluetooth_Speaker_Setup\Bluetooth_Speaker_Driver\Power_Section.SchDoc with CPD10XL10.2_470uF_ALUM from Schlib1.SchLib
Replace Part C60 CC0805_1uF_X7R in C:\Users\kavin\Desktop\Bluetooth_Speaker_Setup\Bluetooth_Speaker_Setup\Bluetooth_Speaker_Driver\Power_Section.SchDoc with CC0805_1uF_X7R from Schlib1.SchLib
Replace Part C61 CC0603_100nF_X7R in C:\Users\kavin\Desktop\Bluetooth_Speaker_Setup\Bluetooth_Speaker_Setup\Bluetooth_Speaker_Driver\Power_Section.SchDoc with CC0603_100nF_X7R from Schlib1.SchLib
Replace Part C62 CC0805_10uF_X7R in C:\Users\kavin\Desktop\Bluetooth_Speaker_Setup\Bluetooth_Speaker_Setup\Bluetooth_Speaker_Driver\Power_Section.SchDoc with CC0805_10uF_X7R from Schlib1.SchLib
Replace Part C63 CC0603_100nF_X7R in C:\Users\kavin\Desktop\Bluetooth_Speaker_Setup\Bluetooth_Speaker_Setup\Bluetooth_Speaker_Driver\Power_Section.SchDoc with CC0603_100nF_X7R from Schlib1.SchLib
Replace Part C64 CC0805_1uF_X7R in C:\Users\kavin\Desktop\Bluetooth_Speaker_Setup\Bluetooth_Speaker_Setup\Bluetooth_Speaker_Driver\Power_Section.SchDoc with CC0805_1uF_X7R from Schlib1.SchLib
Replace Part FB1 FB0603_3A in C:\Users\kavin\Desktop\Bluetooth_Speaker_Setup\Bluetooth_Speaker_Setup\Bluetooth_Speaker_Driver\Power_Section.SchDoc with FB0603_3A from Schlib1.SchLib
Replace Part IN3 IN7266_15uH_3A in C:\Users\kavin\Desktop\Bluetooth_Speaker_Setup\Bluetooth_Speaker_Setup\Bluetooth_Speaker_Driver\Power_Section.SchDoc with IN7266_15uH_3A from Schlib1.SchLib
Replace Part J5 JST_S2P_VH in C:\Users\kavin\Desktop\Bluetooth_Speaker_Setup\Bluetooth_Speaker_Setup\Bluetooth_Speaker_Driver\Power_Section.SchDoc with JST_S2P_VH from Schlib1.SchLib
Replace Part R16 RESC0603_49.9_THIN in C:\Users\kavin\Desktop\Bluetooth_Speaker_Setup\Bluetooth_Speaker_Setup\Bluetooth_Speaker_Driver\Power_Section.SchDoc with RESC0603_49.9_THIN from Schlib1.SchLib
Replace Part R17 RESC0603_100K_THIN in C:\Users\kavin\Desktop\Bluetooth_Speaker_Setup\Bluetooth_Speaker_Setup\Bluetooth_Speaker_Driver\Power_Section.SchDoc with RESC0603_100K_THIN from Schlib1.SchLib
Replace Part R18 REC0603_13.3K_THICK in C:\Users\kavin\Desktop\Bluetooth_Speaker_Setup\Bluetooth_Speaker_Setup\Bluetooth_Speaker_Driver\Power_Section.SchDoc with REC0603_13.3K_THICK from Schlib1.SchLib
Replace Part TP37 TEST_POINT in C:\Users\kavin\Desktop\Bluetooth_Speaker_Setup\Bluetooth_Speaker_Setup\Bluetooth_Speaker_Driver\Power_Section.SchDoc with TEST_POINT from Schlib1.SchLib
Replace Part TP38 TEST_POINT in C:\Users\kavin\Desktop\Bluetooth_Speaker_Setup\Bluetooth_Speaker_Setup\Bluetooth_Speaker_Driver\Power_Section.SchDoc with TEST_POINT from Schlib1.SchLib
Replace Part TP39 TEST_POINT in C:\Users\kavin\Desktop\Bluetooth_Speaker_Setup\Bluetooth_Speaker_Setup\Bluetooth_Speaker_Driver\Power_Section.SchDoc with TEST_POINT from Schlib1.SchLib
Replace Part TP40 TEST_POINT in C:\Users\kavin\Desktop\Bluetooth_Speaker_Setup\Bluetooth_Speaker_Setup\Bluetooth_Speaker_Driver\Power_Section.SchDoc with TEST_POINT from Schlib1.SchLib
Replace Part TP41 TEST_POINT in C:\Users\kavin\Desktop\Bluetooth_Speaker_Setup\Bluetooth_Speaker_Setup\Bluetooth_Speaker_Driver\Power_Section.SchDoc with TEST_POINT from Schlib1.SchLib
Replace Part U6 TPS54202DDCR in C:\Users\kavin\Desktop\Bluetooth_Speaker_Setup\Bluetooth_Speaker_Setup\Bluetooth_Speaker_Driver\Power_Section.SchDoc with TPS54202DDCR from Schlib1.SchLib
Replace Part U7 TLV75533PDBVR in C:\Users\kavin\Desktop\Bluetooth_Speaker_Setup\Bluetooth_Speaker_Setup\Bluetooth_Speaker_Driver\Power_Section.SchDoc with TLV75533PDBVR from Schlib1.SchLib
Replace Part U8 TPS7A2033PDBVR in C:\Users\kavin\Desktop\Bluetooth_Speaker_Setup\Bluetooth_Speaker_Setup\Bluetooth_Speaker_Driver\Power_Section.SchDoc with TPS7A2033PDBVR from Schlib1.SchLib
