Replace Part C74 CPD6.3XL7.7_100uF_POLY in C:\Users\kavin\Desktop\Bluetooth_Speaker_Setup\Bluetooth_Speaker_Setup\Bluetooth_Speaker_Driver\Stereo_L&R_TPA3138D2.SchDoc with CPD6.3XL7.7_100uF_POLY from Schlib1.SchLib
Replace Part C75 CC0603_100nF_X7R in C:\Users\kavin\Desktop\Bluetooth_Speaker_Setup\Bluetooth_Speaker_Setup\Bluetooth_Speaker_Driver\Stereo_L&R_TPA3138D2.SchDoc with CC0603_100nF_X7R from Schlib1.SchLib
Replace Part C76 CC0603_1nF_X7R in C:\Users\kavin\Desktop\Bluetooth_Speaker_Setup\Bluetooth_Speaker_Setup\Bluetooth_Speaker_Driver\Stereo_L&R_TPA3138D2.SchDoc with CC0603_1nF_X7R from Schlib1.SchLib
Replace Part C77 CC0603_1nF_NPO in C:\Users\kavin\Desktop\Bluetooth_Speaker_Setup\Bluetooth_Speaker_Setup\Bluetooth_Speaker_Driver\Stereo_L&R_TPA3138D2.SchDoc with CC0603_1nF_NPO from Schlib1.SchLib
Replace Part C78 CC0603_1nF_NPO in C:\Users\kavin\Desktop\Bluetooth_Speaker_Setup\Bluetooth_Speaker_Setup\Bluetooth_Speaker_Driver\Stereo_L&R_TPA3138D2.SchDoc with CC0603_1nF_NPO from Schlib1.SchLib
Replace Part C79 CPD6.3XL7.7_220uF_POLY in C:\Users\kavin\Desktop\Bluetooth_Speaker_Setup\Bluetooth_Speaker_Setup\Bluetooth_Speaker_Driver\Stereo_L&R_TPA3138D2.SchDoc with CPD6.3XL7.7_220uF_POLY from Schlib1.SchLib
Replace Part C80 CPD6.3XL7.7_100uF_POLY in C:\Users\kavin\Desktop\Bluetooth_Speaker_Setup\Bluetooth_Speaker_Setup\Bluetooth_Speaker_Driver\Stereo_L&R_TPA3138D2.SchDoc with CPD6.3XL7.7_100uF_POLY from Schlib1.SchLib
Replace Part C81 CC0603_100nF_X7R in C:\Users\kavin\Desktop\Bluetooth_Speaker_Setup\Bluetooth_Speaker_Setup\Bluetooth_Speaker_Driver\Stereo_L&R_TPA3138D2.SchDoc with CC0603_100nF_X7R from Schlib1.SchLib
Replace Part C82 CC0603_1nF_X7R in C:\Users\kavin\Desktop\Bluetooth_Speaker_Setup\Bluetooth_Speaker_Setup\Bluetooth_Speaker_Driver\Stereo_L&R_TPA3138D2.SchDoc with CC0603_1nF_X7R from Schlib1.SchLib
Replace Part C83 CC1206_220nF_NPO in C:\Users\kavin\Desktop\Bluetooth_Speaker_Setup\Bluetooth_Speaker_Setup\Bluetooth_Speaker_Driver\Stereo_L&R_TPA3138D2.SchDoc with CC1206_220nF_NPO from Schlib1.SchLib
Replace Part C84 CC1206_220nF_NPO in C:\Users\kavin\Desktop\Bluetooth_Speaker_Setup\Bluetooth_Speaker_Setup\Bluetooth_Speaker_Driver\Stereo_L&R_TPA3138D2.SchDoc with CC1206_220nF_NPO from Schlib1.SchLib
Replace Part C85 CC0603_1nF_NPO in C:\Users\kavin\Desktop\Bluetooth_Speaker_Setup\Bluetooth_Speaker_Setup\Bluetooth_Speaker_Driver\Stereo_L&R_TPA3138D2.SchDoc with CC0603_1nF_NPO from Schlib1.SchLib
Replace Part C86 CC0603_1nF_NPO in C:\Users\kavin\Desktop\Bluetooth_Speaker_Setup\Bluetooth_Speaker_Setup\Bluetooth_Speaker_Driver\Stereo_L&R_TPA3138D2.SchDoc with CC0603_1nF_NPO from Schlib1.SchLib
Replace Part C87 CC0805_1uF_X7R in C:\Users\kavin\Desktop\Bluetooth_Speaker_Setup\Bluetooth_Speaker_Setup\Bluetooth_Speaker_Driver\Stereo_L&R_TPA3138D2.SchDoc with CC0805_1uF_X7R from Schlib1.SchLib
Replace Part C88 CC1206_220nF_NPO in C:\Users\kavin\Desktop\Bluetooth_Speaker_Setup\Bluetooth_Speaker_Setup\Bluetooth_Speaker_Driver\Stereo_L&R_TPA3138D2.SchDoc with CC1206_220nF_NPO from Schlib1.SchLib
Replace Part C89 CC0805_1uF_X7R in C:\Users\kavin\Desktop\Bluetooth_Speaker_Setup\Bluetooth_Speaker_Setup\Bluetooth_Speaker_Driver\Stereo_L&R_TPA3138D2.SchDoc with CC0805_1uF_X7R from Schlib1.SchLib
Replace Part C90 CC1206_220nF_NPO in C:\Users\kavin\Desktop\Bluetooth_Speaker_Setup\Bluetooth_Speaker_Setup\Bluetooth_Speaker_Driver\Stereo_L&R_TPA3138D2.SchDoc with CC1206_220nF_NPO from Schlib1.SchLib
Replace Part C91 CC0805_1uF_X7R in C:\Users\kavin\Desktop\Bluetooth_Speaker_Setup\Bluetooth_Speaker_Setup\Bluetooth_Speaker_Driver\Stereo_L&R_TPA3138D2.SchDoc with CC0805_1uF_X7R from Schlib1.SchLib
Replace Part C92 CC0603_1nF_NPO in C:\Users\kavin\Desktop\Bluetooth_Speaker_Setup\Bluetooth_Speaker_Setup\Bluetooth_Speaker_Driver\Stereo_L&R_TPA3138D2.SchDoc with CC0603_1nF_NPO from Schlib1.SchLib
Replace Part C93 CC0603_1nF_NPO in C:\Users\kavin\Desktop\Bluetooth_Speaker_Setup\Bluetooth_Speaker_Setup\Bluetooth_Speaker_Driver\Stereo_L&R_TPA3138D2.SchDoc with CC0603_1nF_NPO from Schlib1.SchLib
Replace Part C94 CC0805_1uF_X7R in C:\Users\kavin\Desktop\Bluetooth_Speaker_Setup\Bluetooth_Speaker_Setup\Bluetooth_Speaker_Driver\Stereo_L&R_TPA3138D2.SchDoc with CC0805_1uF_X7R from Schlib1.SchLib
Replace Part C95 CC0805_1uF_X7R in C:\Users\kavin\Desktop\Bluetooth_Speaker_Setup\Bluetooth_Speaker_Setup\Bluetooth_Speaker_Driver\Stereo_L&R_TPA3138D2.SchDoc with CC0805_1uF_X7R from Schlib1.SchLib
Replace Part C96 CC0603_1nF_NPO in C:\Users\kavin\Desktop\Bluetooth_Speaker_Setup\Bluetooth_Speaker_Setup\Bluetooth_Speaker_Driver\Stereo_L&R_TPA3138D2.SchDoc with CC0603_1nF_NPO from Schlib1.SchLib
Replace Part C97 CC0603_1nF_NPO in C:\Users\kavin\Desktop\Bluetooth_Speaker_Setup\Bluetooth_Speaker_Setup\Bluetooth_Speaker_Driver\Stereo_L&R_TPA3138D2.SchDoc with CC0603_1nF_NPO from Schlib1.SchLib
Replace Part C98 CC0805_1uF_X7R in C:\Users\kavin\Desktop\Bluetooth_Speaker_Setup\Bluetooth_Speaker_Setup\Bluetooth_Speaker_Driver\Stereo_L&R_TPA3138D2.SchDoc with CC0805_1uF_X7R from Schlib1.SchLib
Replace Part FB2 FB0603_3A in C:\Users\kavin\Desktop\Bluetooth_Speaker_Setup\Bluetooth_Speaker_Setup\Bluetooth_Speaker_Driver\Stereo_L&R_TPA3138D2.SchDoc with FB0603_3A from Schlib1.SchLib
Replace Part FB3 FB0805_6A in C:\Users\kavin\Desktop\Bluetooth_Speaker_Setup\Bluetooth_Speaker_Setup\Bluetooth_Speaker_Driver\Stereo_L&R_TPA3138D2.SchDoc with FB0805_6A from Schlib1.SchLib
Replace Part FB4 FB0603_3A in C:\Users\kavin\Desktop\Bluetooth_Speaker_Setup\Bluetooth_Speaker_Setup\Bluetooth_Speaker_Driver\Stereo_L&R_TPA3138D2.SchDoc with FB0603_3A from Schlib1.SchLib
Replace Part FB5 FB0603_3A in C:\Users\kavin\Desktop\Bluetooth_Speaker_Setup\Bluetooth_Speaker_Setup\Bluetooth_Speaker_Driver\Stereo_L&R_TPA3138D2.SchDoc with FB0603_3A from Schlib1.SchLib
Replace Part FB6 FB0603_3A in C:\Users\kavin\Desktop\Bluetooth_Speaker_Setup\Bluetooth_Speaker_Setup\Bluetooth_Speaker_Driver\Stereo_L&R_TPA3138D2.SchDoc with FB0603_3A from Schlib1.SchLib
Replace Part J6 JST_B2B-XH-A-GU in C:\Users\kavin\Desktop\Bluetooth_Speaker_Setup\Bluetooth_Speaker_Setup\Bluetooth_Speaker_Driver\Stereo_L&R_TPA3138D2.SchDoc with JST_B2B-XH-A-GU from Schlib1.SchLib
Replace Part J7 JST_B2B-XH-A-GU in C:\Users\kavin\Desktop\Bluetooth_Speaker_Setup\Bluetooth_Speaker_Setup\Bluetooth_Speaker_Driver\Stereo_L&R_TPA3138D2.SchDoc with JST_B2B-XH-A-GU from Schlib1.SchLib
Replace Part R36 RESC0603_68_THIN in C:\Users\kavin\Desktop\Bluetooth_Speaker_Setup\Bluetooth_Speaker_Setup\Bluetooth_Speaker_Driver\Stereo_L&R_TPA3138D2.SchDoc with RESC0603_68_THIN from Schlib1.SchLib
Replace Part R37 RESC0603_68_THIN in C:\Users\kavin\Desktop\Bluetooth_Speaker_Setup\Bluetooth_Speaker_Setup\Bluetooth_Speaker_Driver\Stereo_L&R_TPA3138D2.SchDoc with RESC0603_68_THIN from Schlib1.SchLib
Replace Part R38 RESC0603_68_THIN in C:\Users\kavin\Desktop\Bluetooth_Speaker_Setup\Bluetooth_Speaker_Setup\Bluetooth_Speaker_Driver\Stereo_L&R_TPA3138D2.SchDoc with RESC0603_68_THIN from Schlib1.SchLib
Replace Part R39 RESC0603_100K_THIN in C:\Users\kavin\Desktop\Bluetooth_Speaker_Setup\Bluetooth_Speaker_Setup\Bluetooth_Speaker_Driver\Stereo_L&R_TPA3138D2.SchDoc with RESC0603_100K_THIN from Schlib1.SchLib
Replace Part R40 RESC0603_51K_THICK in C:\Users\kavin\Desktop\Bluetooth_Speaker_Setup\Bluetooth_Speaker_Setup\Bluetooth_Speaker_Driver\Stereo_L&R_TPA3138D2.SchDoc with RESC0603_51K_THICK from Schlib1.SchLib
Replace Part R41 RESC0603_100K_THIN in C:\Users\kavin\Desktop\Bluetooth_Speaker_Setup\Bluetooth_Speaker_Setup\Bluetooth_Speaker_Driver\Stereo_L&R_TPA3138D2.SchDoc with RESC0603_100K_THIN from Schlib1.SchLib
Replace Part R42 RESC0603_39K_THICK in C:\Users\kavin\Desktop\Bluetooth_Speaker_Setup\Bluetooth_Speaker_Setup\Bluetooth_Speaker_Driver\Stereo_L&R_TPA3138D2.SchDoc with RESC0603_39K_THICK from Schlib1.SchLib
Replace Part R43 RESC0603_68_THIN in C:\Users\kavin\Desktop\Bluetooth_Speaker_Setup\Bluetooth_Speaker_Setup\Bluetooth_Speaker_Driver\Stereo_L&R_TPA3138D2.SchDoc with RESC0603_68_THIN from Schlib1.SchLib
Replace Part TP42 TEST_POINT in C:\Users\kavin\Desktop\Bluetooth_Speaker_Setup\Bluetooth_Speaker_Setup\Bluetooth_Speaker_Driver\Stereo_L&R_TPA3138D2.SchDoc with TEST_POINT from Schlib1.SchLib
Replace Part TP43 TEST_POINT in C:\Users\kavin\Desktop\Bluetooth_Speaker_Setup\Bluetooth_Speaker_Setup\Bluetooth_Speaker_Driver\Stereo_L&R_TPA3138D2.SchDoc with TEST_POINT from Schlib1.SchLib
Replace Part TP44 TEST_POINT in C:\Users\kavin\Desktop\Bluetooth_Speaker_Setup\Bluetooth_Speaker_Setup\Bluetooth_Speaker_Driver\Stereo_L&R_TPA3138D2.SchDoc with TEST_POINT from Schlib1.SchLib
Replace Part TP45 TEST_POINT in C:\Users\kavin\Desktop\Bluetooth_Speaker_Setup\Bluetooth_Speaker_Setup\Bluetooth_Speaker_Driver\Stereo_L&R_TPA3138D2.SchDoc with TEST_POINT from Schlib1.SchLib
Replace Part TP46 TEST_POINT in C:\Users\kavin\Desktop\Bluetooth_Speaker_Setup\Bluetooth_Speaker_Setup\Bluetooth_Speaker_Driver\Stereo_L&R_TPA3138D2.SchDoc with TEST_POINT from Schlib1.SchLib
Replace Part TP47 TEST_POINT in C:\Users\kavin\Desktop\Bluetooth_Speaker_Setup\Bluetooth_Speaker_Setup\Bluetooth_Speaker_Driver\Stereo_L&R_TPA3138D2.SchDoc with TEST_POINT from Schlib1.SchLib
Replace Part U11 TPA3138D2PWPR in C:\Users\kavin\Desktop\Bluetooth_Speaker_Setup\Bluetooth_Speaker_Setup\Bluetooth_Speaker_Driver\Stereo_L&R_TPA3138D2.SchDoc with TPA3138D2PWPR from Schlib1.SchLib
